!-.png
!bye.png
!doc.jpg
!help.png
!set.jpg
!shell.png
!05.FN
!06.FN
!08.FN
!11.FN
!14.FN
!16.FN
BARD.FN
BARD_0.FN
BIG.FN
BIG_0.FN
BIGPUL.FN
BIGPUL_0.FN
MODER_NP.FN
MODERN.FN
STANDARD.FN
TENKEJ.FN
TENKEJH.FN
TENKEJHB.FN
textmode.fn
THIN.FN
TINY.FN
TLUSTEJ.FN
!chris.xm
!rh.s3m
!pozitif.xm
!chkbox.iff
!chkbox.scr
!chkbox0.gif
!chkbox1.gif
!checkb.scr
!checkb0.gif
!checkb1.gif
!move.scr
!paledit.scr
!palexp.scr
!palrot.gif
!palrot.scr
!palrng.scr
!rip.scr
!slide.scr
!varline.scr
!common.scr
!descrip.ion
!DM_CZ.INI
!DM_ENG.INI
!SVGA.INI
!templat
!doc
!badgfx.cz
!badgfx.eng
!setup.cz
!setup.eng
!menu.cz
!menu.eng
!control.cz
!control.eng
!news.cz
!news.eng
!facts.cz
!facts.eng
!ed.cz
!ed.eng
!thanks.cz
!thanks.eng
!copyrig.cz
!copyrig.eng
!machina
!mother
!diam.vec
!wow.vec
!help
!1STMIN.CZ
!BUGZ.CZ
!EDITOR.CZ
!EDMENU.CZ
!EDNEWS.CZ
!FORMAT.CZ
!KEYS.CZ
!PARLAN.CZ
!PICTURE.CZ
!PROJECT.CZ
!SOUND.CZ
!TEXTURE.CZ
!1STMIN.ENG
!BUGZ.ENG
!EDITOR.ENG
!EDMENU.ENG
!EDNEWS.ENG
!FORMAT.ENG
!KEYS.ENG
!PARLAN.ENG
!PICTURE.ENG
!PROJECT.ENG
!SOUND.ENG
!TEXTURE.ENG
!MOUSE.X
!TITLE.JPG
!TITLE.PNG
!ZLAHVE.PNG
!LOCO.GIF
!ROSE2.X
!ROBOT.FLC
!ting.iff
!goon.wav
!HONKY2.IFF
!FADE.WAV
!GOODBYE.WAV
!INCORRE.WAV
!MEEPMEE.WAV
!zvon.iff
!tubell.iff
!dvere.iff
!naraz.iff
!pal-ok.iff
!pal-abo.iff
!common.exe